
> lash-doc@ test:e2e /Users/borker/dev/lash-doc-delight-sprint
> NEXT_PUBLIC_LASH_TEST_HOOKS=true pnpm --filter @lash/web build && playwright test "--" "--project=chromium" "apps/web/e2e/doc-chat/chat-durable.spec.ts"


> @lash/web@0.1.0 build /Users/borker/dev/lash-doc-delight-sprint/apps/web
> next build

  ▲ Next.js 14.2.5
  - Experiments (use with caution):
    · typedRoutes

   Creating an optimized production build ...
<w> [webpack.cache.PackFileCacheStrategy] Caching failed for pack: Error: ENOENT: no such file or directory, rename '/Users/borker/dev/lash-doc-delight-sprint/apps/web/.next/cache/webpack/client-production/6.pack_' -> '/Users/borker/dev/lash-doc-delight-sprint/apps/web/.next/cache/webpack/client-production/6.pack'
 ✓ Compiled successfully
   Linting and checking validity of types ...
   Collecting page data ...
   Generating static pages (0/4) ...
   Generating static pages (1/4) 
   Generating static pages (2/4) 
   Generating static pages (3/4) 
 ✓ Generating static pages (4/4)
   Finalizing page optimization ...
   Collecting build traces ...

Route (app)                              Size     First Load JS
┌ ○ /                                    148 B           328 kB
├ ○ /_not-found                          870 B            88 kB
└ ƒ /doc/[id]                            147 B           328 kB
+ First Load JS shared by all            87.1 kB
  ├ chunks/247-2f6bf97138bdf827.js       31.5 kB
  ├ chunks/c4040940-1fe014dc614768de.js  53.6 kB
  └ other shared chunks (total)          1.97 kB


○  (Static)   prerendered as static content
ƒ  (Dynamic)  server-rendered on demand

[2m[WebServer] [22m(node:47011) Warning: The 'NO_COLOR' env is ignored due to the 'FORCE_COLOR' env being set.
[2m[WebServer] [22m(Use `node --trace-warnings ...` to show where the warning was created)
[2m[WebServer] [22m(node:47026) Warning: The 'NO_COLOR' env is ignored due to the 'FORCE_COLOR' env being set.
[2m[WebServer] [22m(Use `node --trace-warnings ...` to show where the warning was created)

Running 2 tests using 2 workers

(node:47163) Warning: The 'NO_COLOR' env is ignored due to the 'FORCE_COLOR' env being set.
(Use `node --trace-warnings ...` to show where the warning was created)
(node:47164) Warning: The 'NO_COLOR' env is ignored due to the 'FORCE_COLOR' env being set.
(Use `node --trace-warnings ...` to show where the warning was created)
(node:47164) Warning: The 'NO_COLOR' env is ignored due to the 'FORCE_COLOR' env being set.
(Use `node --trace-warnings ...` to show where the warning was created)
(node:47163) Warning: The 'NO_COLOR' env is ignored due to the 'FORCE_COLOR' env being set.
(Use `node --trace-warnings ...` to show where the warning was created)
(node:47210) Warning: The 'NO_COLOR' env is ignored due to the 'FORCE_COLOR' env being set.
(Use `node --trace-warnings ...` to show where the warning was created)
  ✓  2 [chromium] › apps/web/e2e/doc-chat/chat-durable.spec.ts:167:7 › durable comments › threads, replies, resolve, and reopen survive reload (2.8s)
  ✓  1 [chromium] › apps/web/e2e/doc-chat/chat-durable.spec.ts:191:7 › durable comments › realtime comments sync and remain anchored across remote edits (6.5s)

  2 passed (8.1s)
